â•”â•â•â•â•â•â•â•â•â•â•â•â•â•â•â•â•â•â•â•â•â•â•â•â•â•â•â•â•â•â•â•â•â•â•â•â•â•â•â•â•â•â•â•â•â•â•â•â•â•â•â•â•â•â•â•â•â•â•â•â•â•â•â•â•—
â•‘          AI VOICE CHATBOT - QUICK REFERENCE CARD              â•‘
â•šâ•â•â•â•â•â•â•â•â•â•â•â•â•â•â•â•â•â•â•â•â•â•â•â•â•â•â•â•â•â•â•â•â•â•â•â•â•â•â•â•â•â•â•â•â•â•â•â•â•â•â•â•â•â•â•â•â•â•â•â•â•â•â•â•

ğŸ“‹ QUICK START
â•â•â•â•â•â•â•â•â•â•â•â•â•â•
1. .\start-dev.ps1          # Start both servers
2. Open http://localhost:5173
3. Start chatting!

âš™ï¸ CONFIGURATION
â•â•â•â•â•â•â•â•â•â•â•â•â•â•â•â•
Backend .env (root)          Frontend .env (frontend/)
â”œâ”€ GROQ_API_KEY             â”œâ”€ VITE_API_BASE_URL=
â”œâ”€ ELEVENLABS_API_KEY       â”‚  http://localhost:8000
â””â”€ LLM_MODEL                â””â”€ (Auto-created)

ğŸŒ URLS
â•â•â•â•â•â•â•
Frontend:   http://localhost:5173
Backend:    http://localhost:8000
API Docs:   http://localhost:8000/docs
Health:     http://localhost:8000/health

ğŸ”§ MANUAL START
â•â•â•â•â•â•â•â•â•â•â•â•â•â•â•â•
Terminal 1 (Backend):       Terminal 2 (Frontend):
$ .\venv\Scripts\Activate   $ cd frontend
$ python main.py            $ npm run dev

ğŸ“¡ API ENDPOINTS
â•â•â•â•â•â•â•â•â•â•â•â•â•â•â•â•
POST /api/chat              # Text chat
POST /api/assist            # Text or audio
POST /api/voice-chat        # Voice flow
POST /api/speech-to-text    # Transcribe
GET  /api/weather           # Weather data
GET  /health                # Health check

âœ¨ FEATURES
â•â•â•â•â•â•â•â•â•â•â•
âœ“ Text chat with AI
âœ“ Voice recording
âœ“ Speech transcription
âœ“ Weather queries
âœ“ Dark/light theme
âœ“ Export history
âœ“ Conversation context

ğŸ› TROUBLESHOOTING
â•â•â•â•â•â•â•â•â•â•â•â•â•â•â•â•â•â•
Backend won't start:
â†’ Check .env has API keys
â†’ Activate venv: .\venv\Scripts\Activate.ps1
â†’ Port in use: netstat -ano | findstr :8000

Frontend won't connect:
â†’ Backend running on :8000?
â†’ Check frontend/.env exists
â†’ CORS error? Check backend logs

Voice not working:
â†’ Grant mic permissions
â†’ Use Chrome/Edge
â†’ HTTPS needed in production

ğŸ“ KEY FILES
â•â•â•â•â•â•â•â•â•â•â•â•
Backend:
â”œâ”€ main.py                  # FastAPI app
â”œâ”€ config.py                # Settings
â”œâ”€ .env                     # API keys âš ï¸
â””â”€ services/                # LLM, Speech, Weather

Frontend:
â”œâ”€ src/lib/api.ts          # API client
â”œâ”€ src/pages/Index.tsx     # Main page
â””â”€ src/components/         # UI components

ğŸ”‘ GET API KEYS
â•â•â•â•â•â•â•â•â•â•â•â•â•â•â•
Groq:        https://console.groq.com
ElevenLabs:  https://elevenlabs.io

ğŸ“š DOCUMENTATION
â•â•â•â•â•â•â•â•â•â•â•â•â•â•â•â•
README_FULLSTACK.md         # Complete guide
DEVELOPMENT.md              # Dev scripts
INTEGRATION_COMPLETE.md     # Setup details
frontend/README.md          # Frontend docs

ğŸ’¡ TIPS
â•â•â•â•â•â•â•
â€¢ Enter = Send message
â€¢ Shift+Enter = New line
â€¢ Mic button = Voice record
â€¢ Sun/Moon = Toggle theme
â€¢ Download = Export history
â€¢ Check terminal logs for errors

ğŸš€ PRODUCTION BUILD
â•â•â•â•â•â•â•â•â•â•â•â•â•â•â•â•â•â•â•
Backend:
$ uvicorn main:app --host 0.0.0.0 --port 8000 --workers 4

Frontend:
$ cd frontend
$ npm run build
$ # Deploy dist/ folder

â•â•â•â•â•â•â•â•â•â•â•â•â•â•â•â•â•â•â•â•â•â•â•â•â•â•â•â•â•â•â•â•â•â•â•â•â•â•â•â•â•â•â•â•â•â•â•â•â•â•â•â•â•â•â•â•â•â•â•â•â•â•â•
Need help? Check the docs or open browser DevTools console!
â•â•â•â•â•â•â•â•â•â•â•â•â•â•â•â•â•â•â•â•â•â•â•â•â•â•â•â•â•â•â•â•â•â•â•â•â•â•â•â•â•â•â•â•â•â•â•â•â•â•â•â•â•â•â•â•â•â•â•â•â•â•â•
